// Code generated by ObjectBox; DO NOT EDIT.

package object

import (
	"github.com/google/flatbuffers/go"
	"github.com/objectbox/objectbox-go/objectbox"
	"github.com/objectbox/objectbox-go/objectbox/fbutils"
)

type taskRelPtr_EntityInfo struct {
	Id  objectbox.TypeId
	Uid uint64
}

var TaskRelPtrBinding = taskRelPtr_EntityInfo{
	Id:  2,
	Uid: 3390393562759376202,
}

// TaskRelPtr_ contains type-based Property helpers to facilitate some common operations such as Queries.
var TaskRelPtr_ = struct {
	Id    *objectbox.PropertyUint64
	Group *objectbox.PropertyUint64
}{
	Id: &objectbox.PropertyUint64{
		BaseProperty: &objectbox.BaseProperty{
			Id: 1,
			Entity: &objectbox.Entity{
				Id: 2,
			},
		},
	},
	Group: &objectbox.PropertyUint64{
		BaseProperty: &objectbox.BaseProperty{
			Id: 2,
			Entity: &objectbox.Entity{
				Id: 2,
			},
		},
	},
}

// GeneratorVersion is called by the ObjectBox to verify the compatibility of the generator used to generate this code
func (taskRelPtr_EntityInfo) GeneratorVersion() int {
	return 1
}

// AddToModel is called by the ObjectBox during model build
func (taskRelPtr_EntityInfo) AddToModel(model *objectbox.Model) {
	model.Entity("TaskRelPtr", 2, 3390393562759376202)
	model.Property("Id", objectbox.PropertyType_Long, 1, 2669985732393126063)
	model.PropertyFlags(objectbox.PropertyFlags_ID)
	model.Property("Group", objectbox.PropertyType_Relation, 2, 1774932891286980153)
	model.PropertyRelation("Group", 2, 6044372234677422456)
	model.EntityLastPropertyId(2, 1774932891286980153)
}

// GetId is called by the ObjectBox during Put operations to check for existing ID on an object
func (taskRelPtr_EntityInfo) GetId(object interface{}) (uint64, error) {
	return object.(*TaskRelPtr).Id, nil
}

// SetId is called by the ObjectBox during Put to update an ID on an object that has just been inserted
func (taskRelPtr_EntityInfo) SetId(object interface{}, id uint64) {
	object.(*TaskRelPtr).Id = id
}

// Store is called by the ObjectBox to transform an object to a FlatBuffer
func (taskRelPtr_EntityInfo) Store(obx *objectbox.ObjectBox, txn *objectbox.Transaction, object interface{}, fbb *flatbuffers.Builder, id uint64) {
	obj := object.(*TaskRelPtr)

	// build the FlatBuffers object
	fbb.StartObject(2)
	fbutils.SetUint64Slot(fbb, 0, id)
	fbutils.SetUint64Slot(fbb, 1, obj.Group)
}

// Load is called by the ObjectBox to load an object from a FlatBuffer
func (taskRelPtr_EntityInfo) Load(txn *objectbox.Transaction, bytes []byte) interface{} {
	table := &flatbuffers.Table{
		Bytes: bytes,
		Pos:   flatbuffers.GetUOffsetT(bytes),
	}

	return &TaskRelPtr{
		Id:    table.GetUint64Slot(4, 0),
		Group: table.GetUint64Slot(6, 0),
	}
}

// MakeSlice is called by the ObjectBox to construct a new slice to hold the read objects
func (taskRelPtr_EntityInfo) MakeSlice(capacity int) interface{} {
	return make([]*TaskRelPtr, 0, capacity)
}

// AppendToSlice is called by the ObjectBox to fill the slice of the read objects
func (taskRelPtr_EntityInfo) AppendToSlice(slice interface{}, object interface{}) interface{} {
	return append(slice.([]*TaskRelPtr), object.(*TaskRelPtr))
}

// Box provides CRUD access to TaskRelPtr objects
type TaskRelPtrBox struct {
	*objectbox.Box
}

// BoxForTaskRelPtr opens a box of TaskRelPtr objects
func BoxForTaskRelPtr(ob *objectbox.ObjectBox) *TaskRelPtrBox {
	return &TaskRelPtrBox{
		Box: ob.InternalBox(2),
	}
}

// Put synchronously inserts/updates a single object.
// In case the Id is not specified, it would be assigned automatically (auto-increment).
// When inserting, the TaskRelPtr.Id property on the passed object will be assigned the new ID as well.
func (box *TaskRelPtrBox) Put(object *TaskRelPtr) (uint64, error) {
	return box.Box.Put(object)
}

// PutAsync asynchronously inserts/updates a single object.
// When inserting, the TaskRelPtr.Id property on the passed object will be assigned the new ID as well.
//
// It's executed on a separate internal thread for better performance.
//
// There are two main use cases:
//
// 1) "Put & Forget:" you gain faster puts as you don't have to wait for the transaction to finish.
//
// 2) Many small transactions: if your write load is typically a lot of individual puts that happen in parallel,
// this will merge small transactions into bigger ones. This results in a significant gain in overall throughput.
//
//
// In situations with (extremely) high async load, this method may be throttled (~1ms) or delayed (<1s).
// In the unlikely event that the object could not be enqueued after delaying, an error will be returned.
//
// Note that this method does not give you hard durability guarantees like the synchronous Put provides.
// There is a small time window (typically 3 ms) in which the data may not have been committed durably yet.
func (box *TaskRelPtrBox) PutAsync(object *TaskRelPtr) (uint64, error) {
	return box.Box.PutAsync(object)
}

// PutAll inserts multiple objects in single transaction.
// In case Ids are not set on the objects, they would be assigned automatically (auto-increment).
//
// Returns: IDs of the put objects (in the same order).
// When inserting, the TaskRelPtr.Id property on the objects in the slice will be assigned the new IDs as well.
//
// Note: In case an error occurs during the transaction, some of the objects may already have the TaskRelPtr.Id assigned
// even though the transaction has been rolled back and the objects are not stored under those IDs.
//
// Note: The slice may be empty or even nil; in both cases, an empty IDs slice and no error is returned.
func (box *TaskRelPtrBox) PutAll(objects []*TaskRelPtr) ([]uint64, error) {
	return box.Box.PutAll(objects)
}

// Get reads a single object.
//
// Returns nil (and no error) in case the object with the given ID doesn't exist.
func (box *TaskRelPtrBox) Get(id uint64) (*TaskRelPtr, error) {
	object, err := box.Box.Get(id)
	if err != nil {
		return nil, err
	} else if object == nil {
		return nil, nil
	}
	return object.(*TaskRelPtr), nil
}

// Get reads all stored objects
func (box *TaskRelPtrBox) GetAll() ([]*TaskRelPtr, error) {
	objects, err := box.Box.GetAll()
	if err != nil {
		return nil, err
	}
	return objects.([]*TaskRelPtr), nil
}

// Remove deletes a single object
func (box *TaskRelPtrBox) Remove(object *TaskRelPtr) (err error) {
	return box.Box.Remove(object.Id)
}

// Creates a query with the given conditions. Use the fields of the TaskRelPtr_ struct to create conditions.
// Keep the *TaskRelPtrQuery if you intend to execute the query multiple times.
// Note: this function panics if you try to create illegal queries; e.g. use properties of an alien type.
// This is typically a programming error. Use QueryOrError instead if you want the explicit error check.
func (box *TaskRelPtrBox) Query(conditions ...objectbox.Condition) *TaskRelPtrQuery {
	return &TaskRelPtrQuery{
		box.Box.Query(conditions...),
	}
}

// Creates a query with the given conditions. Use the fields of the TaskRelPtr_ struct to create conditions.
// Keep the *TaskRelPtrQuery if you intend to execute the query multiple times.
func (box *TaskRelPtrBox) QueryOrError(conditions ...objectbox.Condition) (*TaskRelPtrQuery, error) {
	if query, err := box.Box.QueryOrError(conditions...); err != nil {
		return nil, err
	} else {
		return &TaskRelPtrQuery{query}, nil
	}
}

// Query provides a way to search stored objects
//
// For example, you can find all TaskRelPtr which Id is either 42 or 47:
// 		box.Query(TaskRelPtr_.Id.In(42, 47)).Find()
type TaskRelPtrQuery struct {
	*objectbox.Query
}

// Find returns all objects matching the query
func (query *TaskRelPtrQuery) Find() ([]*TaskRelPtr, error) {
	objects, err := query.Query.Find()
	if err != nil {
		return nil, err
	}
	return objects.([]*TaskRelPtr), nil
}

// Offset defines the index of the first object to process (how many objects to skip)
func (query *TaskRelPtrQuery) Offset(offset uint64) *TaskRelPtrQuery {
	query.Query.Offset(offset)
	return query
}

// Limit sets the number of elements to process by the query
func (query *TaskRelPtrQuery) Limit(limit uint64) *TaskRelPtrQuery {
	query.Query.Limit(limit)
	return query
}
