// This file was automatically generated by ObjectBox, do not modify

package object

import (
	"github.com/google/flatbuffers/go"
	"github.com/objectbox/objectbox-go/objectbox"
	"github.com/objectbox/objectbox-go/objectbox/fbutils"
)

type a_ struct {
	Id  objectbox.TypeId
	Uid uint64
}

var ABinding = a_{
	Id:  1,
	Uid: 8717895732742165505,
}

func (a_) AddToModel(model *objectbox.Model) {
	model.Entity("A", 1, 8717895732742165505)
	model.Property("Id", objectbox.PropertyType_Long, 1, 2259404117704393152)
	model.PropertyFlags(objectbox.PropertyFlags_ID)
	model.Property("Name", objectbox.PropertyType_String, 2, 6050128673802995827)
	model.EntityLastPropertyId(2, 6050128673802995827)
}

func (a_) GetId(entity interface{}) (uint64, error) {
	return entity.(*A).Id, nil
}

func (a_) Flatten(entity interface{}, fbb *flatbuffers.Builder, id uint64) {
	ent := entity.(*A)
	var offsetName = fbutils.CreateStringOffset(fbb, ent.Name)

	// build the FlatBuffers object
	fbb.StartObject(2)
	fbb.PrependUint64Slot(0, id, 0)
	fbb.PrependUOffsetTSlot(1, offsetName, 0)
}

func (a_) ToObject(bytes []byte) interface{} {
	table := &flatbuffers.Table{
		Bytes: bytes,
		Pos:   flatbuffers.GetUOffsetT(bytes),
	}

	return &A{
		Id:   table.GetUint64Slot(4, 0),
		Name: fbutils.GetStringSlot(table, 6),
	}
}

func (a_) MakeSlice(capacity int) interface{} {
	return make([]*A, 0, capacity)
}

func (a_) AppendToSlice(slice interface{}, entity interface{}) interface{} {
	return append(slice.([]*A), entity.(*A))
}

type ABox struct {
	*objectbox.Box
}

func BoxForA(ob *objectbox.ObjectBox) *ABox {
	return &ABox{
		Box: ob.Box(1),
	}
}

func (box *ABox) Get(id uint64) (*A, error) {
	entity, err := box.Box.Get(id)
	if err != nil {
		return nil, err
	} else if entity == nil {
		return nil, nil
	}
	return entity.(*A), nil
}

func (box *ABox) GetAll() ([]*A, error) {
	entities, err := box.Box.GetAll()
	if err != nil {
		return nil, err
	}
	return entities.([]*A), nil
}

func (box *ABox) Remove(entity *A) (err error) {
	return box.Box.Remove(entity.Id)
}
