{
  "_note1": "KEEP THIS FILE! Check it into a version control system (VCS) like git.",
  "_note2": "ObjectBox manages crucial IDs for your object model. See docs for details.",
  "_note3": "If you have VCS merge conflicts, you must resolve them according to ObjectBox docs.",
  "entities": [
    {
      "id": "1:8717895732742165505",
      "lastPropertyId": "2:3390393562759376202",
      "name": "A",
      "properties": [
        {
          "id": "1:2259404117704393152",
          "name": "Id",
          "type": 0
        },
        {
          "id": "2:3390393562759376202",
          "name": "Old",
          "type": 0
        }
      ]
    },
    {
      "id": "2:6050128673802995827",
      "lastPropertyId": "2:2669985732393126063",
      "name": "B",
      "properties": [
        {
          "id": "1:501233450539197794",
          "name": "Id",
          "type": 6,
          "flags": 1
        },
        {
          "id": "2:2669985732393126063",
          "name": "New",
          "type": 9
        }
      ]
    },
    {
      "id": "3:1774932891286980153",
      "lastPropertyId": "1:6044372234677422456",
      "name": "C",
      "properties": [
        {
          "id": "1:6044372234677422456",
          "name": "Id",
          "type": 0
        }
      ]
    }
  ],
  "lastEntityId": "3:1774932891286980153",
  "lastIndexId": "",
  "lastRelationId": "",
  "modelVersion": 5,
  "modelVersionParserMinimum": 5,
  "retiredEntityUids": [],
  "retiredIndexUids": [],
  "retiredPropertyUids": [],
  "retiredRelationUids": null,
  "version": 1
}