// This file was automatically generated by ObjectBox, do not modify

package object

import (
	"github.com/google/flatbuffers/go"
	"github.com/objectbox/objectbox-go/objectbox"
	"github.com/objectbox/objectbox-go/objectbox/fbutils"
)

type b_ struct {
	Id  objectbox.TypeId
	Uid uint64
}

var BBinding = b_{
	Id:  2,
	Uid: 501233450539197794,
}

func (b_) AddToModel(model *objectbox.Model) {
	model.Entity("B", 2, 501233450539197794)
	model.Property("Id", objectbox.PropertyType_Long, 1, 3390393562759376202)
	model.PropertyFlags(objectbox.PropertyFlags_ID)
	model.Property("Name", objectbox.PropertyType_String, 2, 2669985732393126063)
	model.Property("Info", objectbox.PropertyType_String, 3, 1774932891286980153)
	model.EntityLastPropertyId(3, 1774932891286980153)
}

func (b_) GetId(entity interface{}) (uint64, error) {
	return entity.(*B).Id, nil
}

func (b_) Flatten(entity interface{}, fbb *flatbuffers.Builder, id uint64) {
	ent := entity.(*B)
	var offsetName = fbutils.CreateStringOffset(fbb, ent.Name)
	var offsetInfo = fbutils.CreateStringOffset(fbb, ent.Info)

	// build the FlatBuffers object
	fbb.StartObject(3)
	fbb.PrependUint64Slot(0, id, 0)
	fbb.PrependUOffsetTSlot(1, offsetName, 0)
	fbb.PrependUOffsetTSlot(2, offsetInfo, 0)
}

func (b_) ToObject(bytes []byte) interface{} {
	table := &flatbuffers.Table{
		Bytes: bytes,
		Pos:   flatbuffers.GetUOffsetT(bytes),
	}

	return &B{
		Id:   table.GetUint64Slot(4, 0),
		Name: fbutils.GetStringSlot(table, 6),
		Info: fbutils.GetStringSlot(table, 8),
	}
}

func (b_) MakeSlice(capacity int) interface{} {
	return make([]*B, 0, capacity)
}

func (b_) AppendToSlice(slice interface{}, entity interface{}) interface{} {
	return append(slice.([]*B), entity.(*B))
}

type BBox struct {
	*objectbox.Box
}

func BoxForB(ob *objectbox.ObjectBox) *BBox {
	return &BBox{
		Box: ob.Box(2),
	}
}

func (box *BBox) Get(id uint64) (*B, error) {
	entity, err := box.Box.Get(id)
	if err != nil {
		return nil, err
	} else if entity == nil {
		return nil, nil
	}
	return entity.(*B), nil
}

func (box *BBox) GetAll() ([]*B, error) {
	entities, err := box.Box.GetAll()
	if err != nil {
		return nil, err
	}
	return entities.([]*B), nil
}

func (box *BBox) Remove(entity *B) (err error) {
	return box.Box.Remove(entity.Id)
}
