{
  "comment": [
    "KEEP THIS FILE! Check it into a version control system (VCS) like git.",
    "ObjectBox manages crucial IDs for your object model. See docs for details.",
    "If you have VCS merge conflicts, you must resolve them according to ObjectBox docs."
  ],
  "entities": [
    {
      "id": "1:8717895732742165505",
      "name": "A",
      "lastPropertyId": "2:6050128673802995827",
      "properties": [
        {
          "id": "1:2259404117704393152",
          "name": "Id"
        },
        {
          "id": "2:6050128673802995827",
          "name": "Name"
        }
      ]
    },
    {
      "id": "2:501233450539197794",
      "name": "B",
      "lastPropertyId": "3:1774932891286980153",
      "properties": [
        {
          "id": "1:3390393562759376202",
          "name": "Id"
        },
        {
          "id": "2:2669985732393126063",
          "name": "Name"
        },
        {
          "id": "3:1774932891286980153",
          "name": "Info"
        }
      ]
    }
  ],
  "lastEntityId": "2:501233450539197794",
  "lastIndexId": "",
  "lastRelationId": "",
  "retiredEntityUids": [],
  "retiredIndexUids": [],
  "retiredPropertyUids": [],
  "retiredRelationUids": []
}