// Code generated by ObjectBox; DO NOT EDIT.

package object

import (
	"github.com/objectbox/objectbox-go/objectbox"
)

func ObjectBoxModel() *objectbox.Model {
	model := objectbox.NewModel()

	model.RegisterBinding(ABinding)
	model.RegisterBinding(BBinding)
	model.LastEntityId(2, 501233450539197794)

	return model
}
