
# github.com/objectbox/objectbox-go/test/generator/testdata/property-update
testdata/property-update/objectbox-model.go:16:24: undefined: ABinding

exit status 2