// Code generated by ObjectBox; DO NOT EDIT.

package object

import (
	"github.com/google/flatbuffers/go"
	"github.com/objectbox/objectbox-go/objectbox"
)

type c_EntityInfo struct {
	Id  objectbox.TypeId
	Uid uint64
}

var CBinding = c_EntityInfo{
	Id:  3,
	Uid: 8274930044578894929,
}

var C_ = struct {
	Id  *objectbox.PropertyUint64
	New *objectbox.PropertyInt
}{
	Id: &objectbox.PropertyUint64{
		Property: &objectbox.Property{
			Id: 1,
		},
	},
	New: &objectbox.PropertyInt{
		Property: &objectbox.Property{
			Id: 3,
		},
	},
}

func (c_EntityInfo) GeneratorVersion() int {
	return 1
}

func (c_EntityInfo) AddToModel(model *objectbox.Model) {
	model.Entity("C", 3, 8274930044578894929)
	model.Property("Id", objectbox.PropertyType_Long, 1, 1543572285742637646)
	model.PropertyFlags(objectbox.PropertyFlags_ID)
	model.Property("New", objectbox.PropertyType_Long, 3, 5617773211005988520)
	model.PropertyFlags(objectbox.PropertyFlags_INDEXED)
	model.PropertyIndex(5, 2339563716805116249)
	model.EntityLastPropertyId(3, 5617773211005988520)
}

func (c_EntityInfo) GetId(object interface{}) (uint64, error) {
	return object.(*C).Id, nil
}

func (c_EntityInfo) SetId(object interface{}, id uint64) error {
	object.(*C).Id = id
	return nil
}

func (c_EntityInfo) Flatten(object interface{}, fbb *flatbuffers.Builder, id uint64) {
	obj := object.(*C)

	// build the FlatBuffers object
	fbb.StartObject(3)
	fbutils.SetUint64Slot(fbb, 0, id)
	fbutils.SetInt64Slot(fbb, 2, int64(obj.New))
}

func (c_EntityInfo) ToObject(bytes []byte) interface{} {
	table := &flatbuffers.Table{
		Bytes: bytes,
		Pos:   flatbuffers.GetUOffsetT(bytes),
	}

	return &C{
		Id:  table.GetUint64Slot(4, 0),
		New: int(table.GetUint64Slot(8, 0)),
	}
}

func (c_EntityInfo) MakeSlice(capacity int) interface{} {
	return make([]*C, 0, capacity)
}

func (c_EntityInfo) AppendToSlice(slice interface{}, object interface{}) interface{} {
	return append(slice.([]*C), object.(*C))
}

type CBox struct {
	*objectbox.Box
}

func BoxForC(ob *objectbox.ObjectBox) *CBox {
	return &CBox{
		Box: ob.InternalBox(3),
	}
}

func (box *CBox) Put(object *C) (uint64, error) {
	return box.Box.Put(object)
}

func (box *CBox) PutAsync(object *C) (uint64, error) {
	return box.Box.PutAsync(object)
}

func (box *CBox) PutAll(objects []*C) ([]uint64, error) {
	return box.Box.PutAll(objects)
}

func (box *CBox) Get(id uint64) (*C, error) {
	object, err := box.Box.Get(id)
	if err != nil {
		return nil, err
	} else if object == nil {
		return nil, nil
	}
	return object.(*C), nil
}

func (box *CBox) GetAll() ([]*C, error) {
	objects, err := box.Box.GetAll()
	if err != nil {
		return nil, err
	}
	return objects.([]*C), nil
}

func (box *CBox) Remove(object *C) (err error) {
	return box.Box.Remove(object.Id)
}

func (box *CBox) Query(conditions ...objectbox.Condition) *CQuery {
	return &CQuery{
		box.Box.Query(conditions...),
	}
}

type CQuery struct {
	*objectbox.Query
}

func (query *CQuery) Find() ([]*C, error) {
	objects, err := query.Query.Find()
	if err != nil {
		return nil, err
	}
	return objects.([]*C), nil
}
