// Code generated by ObjectBox; DO NOT EDIT.

package object

import (
	"github.com/objectbox/objectbox-go/objectbox"
)

func ObjectBoxModel() *objectbox.Model {
	model := objectbox.NewModel()

	model.RegisterBinding(ABinding)
	model.RegisterBinding(BBinding)
	model.RegisterBinding(CBinding)
	model.LastEntityId(3, 8274930044578894929)
	model.LastIndexId(5, 2339563716805116249)

	return model
}
