// Code generated by ObjectBox; DO NOT EDIT.

package object

import (
	"github.com/google/flatbuffers/go"
	"github.com/objectbox/objectbox-go/objectbox"
	"github.com/objectbox/objectbox-go/objectbox/fbutils"
)

type task_EntityInfo struct {
	Id  objectbox.TypeId
	Uid uint64
}

var TaskBinding = task_EntityInfo{
	Id:  1,
	Uid: 8717895732742165505,
}

var Task_ = struct {
	Id      *objectbox.PropertyUint64
	Uid     *objectbox.PropertyString
	Name    *objectbox.PropertyString
	Place   *objectbox.PropertyString
	Source  *objectbox.PropertyString
	Text    *objectbox.PropertyString
	Date    *objectbox.PropertyUint64
	GroupId *objectbox.PropertyUint64
}{
	Id: &objectbox.PropertyUint64{
		Property: &objectbox.Property{
			Id: 1,
		},
	},
	Uid: &objectbox.PropertyString{
		Property: &objectbox.Property{
			Id: 2,
		},
	},
	Name: &objectbox.PropertyString{
		Property: &objectbox.Property{
			Id: 3,
		},
	},
	Place: &objectbox.PropertyString{
		Property: &objectbox.Property{
			Id: 4,
		},
	},
	Source: &objectbox.PropertyString{
		Property: &objectbox.Property{
			Id: 5,
		},
	},
	Text: &objectbox.PropertyString{
		Property: &objectbox.Property{
			Id: 6,
		},
	},
	Date: &objectbox.PropertyUint64{
		Property: &objectbox.Property{
			Id: 7,
		},
	},
	GroupId: &objectbox.PropertyUint64{
		Property: &objectbox.Property{
			Id: 8,
		},
	},
}

func (task_EntityInfo) GeneratorVersion() int {
	return 1
}

func (task_EntityInfo) AddToModel(model *objectbox.Model) {
	model.Entity("Task", 1, 8717895732742165505)
	model.Property("Id", objectbox.PropertyType_Long, 1, 2259404117704393152)
	model.PropertyFlags(objectbox.PropertyFlags_ID)
	model.Property("Uid", objectbox.PropertyType_String, 2, 6050128673802995827)
	model.PropertyFlags(objectbox.PropertyFlags_UNIQUE)
	model.PropertyIndex(1, 501233450539197794)
	model.Property("Name", objectbox.PropertyType_String, 3, 3390393562759376202)
	model.Property("Place", objectbox.PropertyType_String, 4, 2669985732393126063)
	model.PropertyFlags(objectbox.PropertyFlags_INDEXED | objectbox.PropertyFlags_INDEX_HASH)
	model.PropertyIndex(2, 1774932891286980153)
	model.Property("Source", objectbox.PropertyType_String, 5, 6044372234677422456)
	model.PropertyFlags(objectbox.PropertyFlags_INDEXED | objectbox.PropertyFlags_INDEX_HASH64)
	model.PropertyIndex(3, 8274930044578894929)
	model.Property("text", objectbox.PropertyType_String, 6, 1543572285742637646)
	model.Property("Date", objectbox.PropertyType_Date, 7, 2661732831099943416)
	model.Property("GroupId", objectbox.PropertyType_Relation, 8, 8325060299420976708)
	model.PropertyRelation("Group", 4, 7837839688282259259)
	model.EntityLastPropertyId(8, 8325060299420976708)
}

func (task_EntityInfo) GetId(object interface{}) (uint64, error) {
	return object.(*Task).Id, nil
}

func (task_EntityInfo) SetId(object interface{}, id uint64) error {
	object.(*Task).Id = id
	return nil
}

func (task_EntityInfo) Flatten(object interface{}, fbb *flatbuffers.Builder, id uint64) {
	obj := object.(*Task)
	var offsetUid = fbutils.CreateStringOffset(fbb, obj.Uid)
	var offsetName = fbutils.CreateStringOffset(fbb, obj.Name)
	var offsetPlace = fbutils.CreateStringOffset(fbb, obj.Place)
	var offsetSource = fbutils.CreateStringOffset(fbb, obj.Source)
	var offsetText = fbutils.CreateStringOffset(fbb, obj.Text)

	// build the FlatBuffers object
	fbb.StartObject(8)
	fbutils.SetUint64Slot(fbb, 0, id)
	fbutils.SetUOffsetTSlot(fbb, 1, offsetUid)
	fbutils.SetUOffsetTSlot(fbb, 2, offsetName)
	fbutils.SetUOffsetTSlot(fbb, 3, offsetPlace)
	fbutils.SetUOffsetTSlot(fbb, 4, offsetSource)
	fbutils.SetUOffsetTSlot(fbb, 5, offsetText)
	fbutils.SetUint64Slot(fbb, 6, obj.Date)
	fbutils.SetUint64Slot(fbb, 7, obj.GroupId)
}

func (task_EntityInfo) ToObject(bytes []byte) interface{} {
	table := &flatbuffers.Table{
		Bytes: bytes,
		Pos:   flatbuffers.GetUOffsetT(bytes),
	}

	return &Task{
		Id:      table.GetUint64Slot(4, 0),
		Uid:     fbutils.GetStringSlot(table, 6),
		Name:    fbutils.GetStringSlot(table, 8),
		Place:   fbutils.GetStringSlot(table, 10),
		Source:  fbutils.GetStringSlot(table, 12),
		Text:    fbutils.GetStringSlot(table, 14),
		Date:    table.GetUint64Slot(16, 0),
		GroupId: table.GetUint64Slot(18, 0),
	}
}

func (task_EntityInfo) MakeSlice(capacity int) interface{} {
	return make([]*Task, 0, capacity)
}

func (task_EntityInfo) AppendToSlice(slice interface{}, object interface{}) interface{} {
	return append(slice.([]*Task), object.(*Task))
}

type TaskBox struct {
	*objectbox.Box
}

func BoxForTask(ob *objectbox.ObjectBox) *TaskBox {
	return &TaskBox{
		Box: ob.InternalBox(1),
	}
}

func (box *TaskBox) Put(object *Task) (uint64, error) {
	return box.Box.Put(object)
}

func (box *TaskBox) PutAsync(object *Task) (uint64, error) {
	return box.Box.PutAsync(object)
}

func (box *TaskBox) PutAll(objects []*Task) ([]uint64, error) {
	return box.Box.PutAll(objects)
}

func (box *TaskBox) Get(id uint64) (*Task, error) {
	object, err := box.Box.Get(id)
	if err != nil {
		return nil, err
	} else if object == nil {
		return nil, nil
	}
	return object.(*Task), nil
}

func (box *TaskBox) GetAll() ([]*Task, error) {
	objects, err := box.Box.GetAll()
	if err != nil {
		return nil, err
	}
	return objects.([]*Task), nil
}

func (box *TaskBox) Remove(object *Task) (err error) {
	return box.Box.Remove(object.Id)
}

func (box *TaskBox) Query(conditions ...objectbox.Condition) *TaskQuery {
	return &TaskQuery{
		box.Box.Query(conditions...),
	}
}

type TaskQuery struct {
	*objectbox.Query
}

func (query *TaskQuery) Find() ([]*Task, error) {
	objects, err := query.Query.Find()
	if err != nil {
		return nil, err
	}
	return objects.([]*Task), nil
}

type group_EntityInfo struct {
	Id  objectbox.TypeId
	Uid uint64
}

var GroupBinding = group_EntityInfo{
	Id:  2,
	Uid: 2518412263346885298,
}

var Group_ = struct {
	Id *objectbox.PropertyUint64
}{
	Id: &objectbox.PropertyUint64{
		Property: &objectbox.Property{
			Id: 1,
		},
	},
}

func (group_EntityInfo) GeneratorVersion() int {
	return 1
}

func (group_EntityInfo) AddToModel(model *objectbox.Model) {
	model.Entity("Group", 2, 2518412263346885298)
	model.Property("Id", objectbox.PropertyType_Long, 1, 5617773211005988520)
	model.PropertyFlags(objectbox.PropertyFlags_ID)
	model.EntityLastPropertyId(1, 5617773211005988520)
}

func (group_EntityInfo) GetId(object interface{}) (uint64, error) {
	return object.(*Group).Id, nil
}

func (group_EntityInfo) SetId(object interface{}, id uint64) error {
	object.(*Group).Id = id
	return nil
}

func (group_EntityInfo) Flatten(object interface{}, fbb *flatbuffers.Builder, id uint64) {

	// build the FlatBuffers object
	fbb.StartObject(1)
	fbutils.SetUint64Slot(fbb, 0, id)
}

func (group_EntityInfo) ToObject(bytes []byte) interface{} {
	table := &flatbuffers.Table{
		Bytes: bytes,
		Pos:   flatbuffers.GetUOffsetT(bytes),
	}

	return &Group{
		Id: table.GetUint64Slot(4, 0),
	}
}

func (group_EntityInfo) MakeSlice(capacity int) interface{} {
	return make([]*Group, 0, capacity)
}

func (group_EntityInfo) AppendToSlice(slice interface{}, object interface{}) interface{} {
	return append(slice.([]*Group), object.(*Group))
}

type GroupBox struct {
	*objectbox.Box
}

func BoxForGroup(ob *objectbox.ObjectBox) *GroupBox {
	return &GroupBox{
		Box: ob.InternalBox(2),
	}
}

func (box *GroupBox) Put(object *Group) (uint64, error) {
	return box.Box.Put(object)
}

func (box *GroupBox) PutAsync(object *Group) (uint64, error) {
	return box.Box.PutAsync(object)
}

func (box *GroupBox) PutAll(objects []*Group) ([]uint64, error) {
	return box.Box.PutAll(objects)
}

func (box *GroupBox) Get(id uint64) (*Group, error) {
	object, err := box.Box.Get(id)
	if err != nil {
		return nil, err
	} else if object == nil {
		return nil, nil
	}
	return object.(*Group), nil
}

func (box *GroupBox) GetAll() ([]*Group, error) {
	objects, err := box.Box.GetAll()
	if err != nil {
		return nil, err
	}
	return objects.([]*Group), nil
}

func (box *GroupBox) Remove(object *Group) (err error) {
	return box.Box.Remove(object.Id)
}

func (box *GroupBox) Query(conditions ...objectbox.Condition) *GroupQuery {
	return &GroupQuery{
		box.Box.Query(conditions...),
	}
}

type GroupQuery struct {
	*objectbox.Query
}

func (query *GroupQuery) Find() ([]*Group, error) {
	objects, err := query.Query.Find()
	if err != nil {
		return nil, err
	}
	return objects.([]*Group), nil
}
