{
  "comment": [
    "KEEP THIS FILE! Check it into a version control system (VCS) like git.",
    "ObjectBox manages crucial IDs for your object model. See docs for details.",
    "If you have VCS merge conflicts, you must resolve them according to ObjectBox docs."
  ],
  "entities": [
    {
      "id": "1:8717895732742165505",
      "name": "Aliases",
      "lastPropertyId": "7:6044372234677422456",
      "properties": [
        {
          "id": "1:2259404117704393152",
          "name": "Id"
        },
        {
          "id": "2:6050128673802995827",
          "name": "SameFile"
        },
        {
          "id": "3:501233450539197794",
          "name": "SamePackage"
        },
        {
          "id": "4:3390393562759376202",
          "name": "SameFile2"
        },
        {
          "id": "5:2669985732393126063",
          "name": "SamePackage2"
        },
        {
          "id": "6:1774932891286980153",
          "name": "OtherPackage"
        },
        {
          "id": "7:6044372234677422456",
          "name": "OtherPackage2"
        }
      ]
    },
    {
      "id": "2:8274930044578894929",
      "name": "Typeful",
      "lastPropertyId": "20:6303220950515014660",
      "properties": [
        {
          "id": "1:1543572285742637646",
          "name": "Id"
        },
        {
          "id": "2:2661732831099943416",
          "name": "Int"
        },
        {
          "id": "3:8325060299420976708",
          "name": "Int8"
        },
        {
          "id": "4:7837839688282259259",
          "name": "Int16"
        },
        {
          "id": "5:2518412263346885298",
          "name": "Int32"
        },
        {
          "id": "6:5617773211005988520",
          "name": "Int64"
        },
        {
          "id": "7:2339563716805116249",
          "name": "Uint"
        },
        {
          "id": "8:7144924247938981575",
          "name": "Uint8"
        },
        {
          "id": "9:161231572858529631",
          "name": "Uint16"
        },
        {
          "id": "10:7259475919510918339",
          "name": "Uint32"
        },
        {
          "id": "11:7373105480197164748",
          "name": "Uint64"
        },
        {
          "id": "12:3287288577352441706",
          "name": "Bool"
        },
        {
          "id": "13:3930927879439176946",
          "name": "String"
        },
        {
          "id": "14:4706154865122290029",
          "name": "StringVector"
        },
        {
          "id": "15:2217592893536642650",
          "name": "Byte"
        },
        {
          "id": "16:1929546706668609706",
          "name": "ByteVector"
        },
        {
          "id": "17:6392442863481646880",
          "name": "Rune"
        },
        {
          "id": "18:3706853784096366226",
          "name": "Float32"
        },
        {
          "id": "19:2627038740284806767",
          "name": "Float64"
        },
        {
          "id": "20:6303220950515014660",
          "name": "Date"
        }
      ]
    }
  ],
  "lastEntityId": "2:8274930044578894929",
  "lastIndexId": "",
  "lastRelationId": "",
  "retiredEntityUids": [],
  "retiredIndexUids": [],
  "retiredPropertyUids": [],
  "retiredRelationUids": []
}