// Code generated by ObjectBox; DO NOT EDIT.
// Learn more about defining entities and generating this file - visit https://golang.objectbox.io/entity-annotations

package object

import (
	"github.com/google/flatbuffers/go"
	"github.com/objectbox/objectbox-go/objectbox"
	"github.com/objectbox/objectbox-go/objectbox/fbutils"
)

type typeful_EntityInfo struct {
	objectbox.Entity
	Uid uint64
}

var TypefulBinding = typeful_EntityInfo{
	Entity: objectbox.Entity{
		Id: 3,
	},
	Uid: 959367522974354090,
}

// Typeful_ contains type-based Property helpers to facilitate some common operations such as Queries.
var Typeful_ = struct {
	Id           *objectbox.PropertyUint64
	Int          *objectbox.PropertyInt
	Int8         *objectbox.PropertyInt8
	Int16        *objectbox.PropertyInt16
	Int32        *objectbox.PropertyInt32
	Int64        *objectbox.PropertyInt64
	Uint         *objectbox.PropertyUint
	Uint8        *objectbox.PropertyUint8
	Uint16       *objectbox.PropertyUint16
	Uint32       *objectbox.PropertyUint32
	Uint64       *objectbox.PropertyUint64
	Bool         *objectbox.PropertyBool
	String       *objectbox.PropertyString
	StringVector *objectbox.PropertyStringVector
	Byte         *objectbox.PropertyByte
	ByteVector   *objectbox.PropertyByteVector
	Rune         *objectbox.PropertyRune
	Float32      *objectbox.PropertyFloat32
	Float64      *objectbox.PropertyFloat64
	Date         *objectbox.PropertyInt64
	Time         *objectbox.PropertyInt64
	Time2        *objectbox.PropertyInt64
}{
	Id: &objectbox.PropertyUint64{
		BaseProperty: &objectbox.BaseProperty{
			Id:     1,
			Entity: &TypefulBinding.Entity,
		},
	},
	Int: &objectbox.PropertyInt{
		BaseProperty: &objectbox.BaseProperty{
			Id:     2,
			Entity: &TypefulBinding.Entity,
		},
	},
	Int8: &objectbox.PropertyInt8{
		BaseProperty: &objectbox.BaseProperty{
			Id:     3,
			Entity: &TypefulBinding.Entity,
		},
	},
	Int16: &objectbox.PropertyInt16{
		BaseProperty: &objectbox.BaseProperty{
			Id:     4,
			Entity: &TypefulBinding.Entity,
		},
	},
	Int32: &objectbox.PropertyInt32{
		BaseProperty: &objectbox.BaseProperty{
			Id:     5,
			Entity: &TypefulBinding.Entity,
		},
	},
	Int64: &objectbox.PropertyInt64{
		BaseProperty: &objectbox.BaseProperty{
			Id:     6,
			Entity: &TypefulBinding.Entity,
		},
	},
	Uint: &objectbox.PropertyUint{
		BaseProperty: &objectbox.BaseProperty{
			Id:     7,
			Entity: &TypefulBinding.Entity,
		},
	},
	Uint8: &objectbox.PropertyUint8{
		BaseProperty: &objectbox.BaseProperty{
			Id:     8,
			Entity: &TypefulBinding.Entity,
		},
	},
	Uint16: &objectbox.PropertyUint16{
		BaseProperty: &objectbox.BaseProperty{
			Id:     9,
			Entity: &TypefulBinding.Entity,
		},
	},
	Uint32: &objectbox.PropertyUint32{
		BaseProperty: &objectbox.BaseProperty{
			Id:     10,
			Entity: &TypefulBinding.Entity,
		},
	},
	Uint64: &objectbox.PropertyUint64{
		BaseProperty: &objectbox.BaseProperty{
			Id:     11,
			Entity: &TypefulBinding.Entity,
		},
	},
	Bool: &objectbox.PropertyBool{
		BaseProperty: &objectbox.BaseProperty{
			Id:     12,
			Entity: &TypefulBinding.Entity,
		},
	},
	String: &objectbox.PropertyString{
		BaseProperty: &objectbox.BaseProperty{
			Id:     13,
			Entity: &TypefulBinding.Entity,
		},
	},
	StringVector: &objectbox.PropertyStringVector{
		BaseProperty: &objectbox.BaseProperty{
			Id:     14,
			Entity: &TypefulBinding.Entity,
		},
	},
	Byte: &objectbox.PropertyByte{
		BaseProperty: &objectbox.BaseProperty{
			Id:     15,
			Entity: &TypefulBinding.Entity,
		},
	},
	ByteVector: &objectbox.PropertyByteVector{
		BaseProperty: &objectbox.BaseProperty{
			Id:     16,
			Entity: &TypefulBinding.Entity,
		},
	},
	Rune: &objectbox.PropertyRune{
		BaseProperty: &objectbox.BaseProperty{
			Id:     17,
			Entity: &TypefulBinding.Entity,
		},
	},
	Float32: &objectbox.PropertyFloat32{
		BaseProperty: &objectbox.BaseProperty{
			Id:     18,
			Entity: &TypefulBinding.Entity,
		},
	},
	Float64: &objectbox.PropertyFloat64{
		BaseProperty: &objectbox.BaseProperty{
			Id:     19,
			Entity: &TypefulBinding.Entity,
		},
	},
	Date: &objectbox.PropertyInt64{
		BaseProperty: &objectbox.BaseProperty{
			Id:     20,
			Entity: &TypefulBinding.Entity,
		},
	},
	Time: &objectbox.PropertyInt64{
		BaseProperty: &objectbox.BaseProperty{
			Id:     21,
			Entity: &TypefulBinding.Entity,
		},
	},
	Time2: &objectbox.PropertyInt64{
		BaseProperty: &objectbox.BaseProperty{
			Id:     22,
			Entity: &TypefulBinding.Entity,
		},
	},
}

// GeneratorVersion is called by ObjectBox to verify the compatibility of the generator used to generate this code
func (typeful_EntityInfo) GeneratorVersion() int {
	return 3
}

// AddToModel is called by ObjectBox during model build
func (typeful_EntityInfo) AddToModel(model *objectbox.Model) {
	model.Entity("Typeful", 3, 959367522974354090)
	model.Property("Id", 6, 1, 2914295034816259174)
	model.PropertyFlags(1)
	model.Property("Int", 6, 2, 1395437218309923052)
	model.Property("Int8", 2, 3, 6745438398739480977)
	model.Property("Int16", 3, 4, 2897681629866238117)
	model.Property("Int32", 5, 5, 3398579248012586914)
	model.Property("Int64", 6, 6, 5974317550424871033)
	model.Property("Uint", 6, 7, 3317123977833389635)
	model.PropertyFlags(8192)
	model.Property("Uint8", 2, 8, 5001958211167890979)
	model.PropertyFlags(8192)
	model.Property("Uint16", 3, 9, 167566062957544642)
	model.PropertyFlags(8192)
	model.Property("Uint32", 5, 10, 4778690082005258714)
	model.PropertyFlags(8192)
	model.Property("Uint64", 6, 11, 1059542851699319360)
	model.PropertyFlags(8192)
	model.Property("Bool", 1, 12, 6972732843819909978)
	model.Property("String", 9, 13, 5558237345453186302)
	model.Property("StringVector", 30, 14, 7845762441295307478)
	model.Property("Byte", 2, 15, 771642788862502430)
	model.Property("ByteVector", 23, 16, 8514850266767180993)
	model.Property("Rune", 5, 17, 8683452355129068124)
	model.Property("Float32", 7, 18, 4345851588384648695)
	model.Property("Float64", 8, 19, 7699391924090763411)
	model.Property("Date", 10, 20, 388440063886460141)
	model.Property("Time", 10, 21, 7561811714888168464)
	model.Property("Time2", 10, 22, 3959279844101328186)
	model.EntityLastPropertyId(22, 3959279844101328186)
}

// GetId is called by ObjectBox during Put operations to check for existing ID on an object
func (typeful_EntityInfo) GetId(object interface{}) (uint64, error) {
	return object.(*Typeful).Id, nil
}

// SetId is called by ObjectBox during Put to update an ID on an object that has just been inserted
func (typeful_EntityInfo) SetId(object interface{}, id uint64) {
	object.(*Typeful).Id = id
}

// PutRelated is called by ObjectBox to put related entities before the object itself is flattened and put
func (typeful_EntityInfo) PutRelated(ob *objectbox.ObjectBox, object interface{}, id uint64) error {
	return nil
}

// Flatten is called by ObjectBox to transform an object to a FlatBuffer
func (typeful_EntityInfo) Flatten(object interface{}, fbb *flatbuffers.Builder, id uint64) error {
	obj := object.(*Typeful)
	var offsetString = fbutils.CreateStringOffset(fbb, obj.String)
	var offsetStringVector = fbutils.CreateStringVectorOffset(fbb, obj.StringVector)
	var offsetByteVector = fbutils.CreateByteVectorOffset(fbb, obj.ByteVector)

	// build the FlatBuffers object
	fbb.StartObject(22)
	fbutils.SetUint64Slot(fbb, 0, id)
	fbutils.SetInt64Slot(fbb, 1, int64(obj.Int))
	fbutils.SetInt8Slot(fbb, 2, obj.Int8)
	fbutils.SetInt16Slot(fbb, 3, obj.Int16)
	fbutils.SetInt32Slot(fbb, 4, obj.Int32)
	fbutils.SetInt64Slot(fbb, 5, obj.Int64)
	fbutils.SetUint64Slot(fbb, 6, uint64(obj.Uint))
	fbutils.SetUint8Slot(fbb, 7, obj.Uint8)
	fbutils.SetUint16Slot(fbb, 8, obj.Uint16)
	fbutils.SetUint32Slot(fbb, 9, obj.Uint32)
	fbutils.SetUint64Slot(fbb, 10, obj.Uint64)
	fbutils.SetBoolSlot(fbb, 11, obj.Bool)
	fbutils.SetUOffsetTSlot(fbb, 12, offsetString)
	fbutils.SetUOffsetTSlot(fbb, 13, offsetStringVector)
	fbutils.SetByteSlot(fbb, 14, obj.Byte)
	fbutils.SetUOffsetTSlot(fbb, 15, offsetByteVector)
	fbutils.SetInt32Slot(fbb, 16, obj.Rune)
	fbutils.SetFloat32Slot(fbb, 17, obj.Float32)
	fbutils.SetFloat64Slot(fbb, 18, obj.Float64)
	fbutils.SetInt64Slot(fbb, 19, obj.Date)
	fbutils.SetInt64Slot(fbb, 20, objectbox.TimeInt64ConvertToDatabaseValue(obj.Time))
	fbutils.SetInt64Slot(fbb, 21, objectbox.TimeInt64ConvertToDatabaseValue(obj.Time2))
	return nil
}

// Load is called by ObjectBox to load an object from a FlatBuffer
func (typeful_EntityInfo) Load(ob *objectbox.ObjectBox, bytes []byte) (interface{}, error) {
	var table = &flatbuffers.Table{
		Bytes: bytes,
		Pos:   flatbuffers.GetUOffsetT(bytes),
	}
	var id = table.GetUint64Slot(4, 0)

	return &Typeful{
		Id:           id,
		Int:          fbutils.GetIntSlot(table, 6),
		Int8:         fbutils.GetInt8Slot(table, 8),
		Int16:        fbutils.GetInt16Slot(table, 10),
		Int32:        fbutils.GetInt32Slot(table, 12),
		Int64:        fbutils.GetInt64Slot(table, 14),
		Uint:         fbutils.GetUintSlot(table, 16),
		Uint8:        fbutils.GetUint8Slot(table, 18),
		Uint16:       fbutils.GetUint16Slot(table, 20),
		Uint32:       fbutils.GetUint32Slot(table, 22),
		Uint64:       fbutils.GetUint64Slot(table, 24),
		Bool:         fbutils.GetBoolSlot(table, 26),
		String:       fbutils.GetStringSlot(table, 28),
		StringVector: fbutils.GetStringVectorSlot(table, 30),
		Byte:         fbutils.GetByteSlot(table, 32),
		ByteVector:   fbutils.GetByteVectorSlot(table, 34),
		Rune:         fbutils.GetRuneSlot(table, 36),
		Float32:      fbutils.GetFloat32Slot(table, 38),
		Float64:      fbutils.GetFloat64Slot(table, 40),
		Date:         fbutils.GetInt64Slot(table, 42),
		Time:         objectbox.TimeInt64ConvertToEntityProperty(fbutils.GetInt64Slot(table, 44)),
		Time2:        objectbox.TimeInt64ConvertToEntityProperty(fbutils.GetInt64Slot(table, 46)),
	}, nil
}

// MakeSlice is called by ObjectBox to construct a new slice to hold the read objects
func (typeful_EntityInfo) MakeSlice(capacity int) interface{} {
	return make([]*Typeful, 0, capacity)
}

// AppendToSlice is called by ObjectBox to fill the slice of the read objects
func (typeful_EntityInfo) AppendToSlice(slice interface{}, object interface{}) interface{} {
	return append(slice.([]*Typeful), object.(*Typeful))
}

// Box provides CRUD access to Typeful objects
type TypefulBox struct {
	*objectbox.Box
}

// BoxForTypeful opens a box of Typeful objects
func BoxForTypeful(ob *objectbox.ObjectBox) *TypefulBox {
	return &TypefulBox{
		Box: ob.InternalBox(3),
	}
}

// Put synchronously inserts/updates a single object.
// In case the Id is not specified, it would be assigned automatically (auto-increment).
// When inserting, the Typeful.Id property on the passed object will be assigned the new ID as well.
func (box *TypefulBox) Put(object *Typeful) (uint64, error) {
	return box.Box.Put(object)
}

// PutAsync asynchronously inserts/updates a single object.
// When inserting, the Typeful.Id property on the passed object will be assigned the new ID as well.
//
// It's executed on a separate internal thread for better performance.
//
// There are two main use cases:
//
// 1) "Put & Forget:" you gain faster puts as you don't have to wait for the transaction to finish.
//
// 2) Many small transactions: if your write load is typically a lot of individual puts that happen in parallel,
// this will merge small transactions into bigger ones. This results in a significant gain in overall throughput.
//
//
// In situations with (extremely) high async load, this method may be throttled (~1ms) or delayed (<1s).
// In the unlikely event that the object could not be enqueued after delaying, an error will be returned.
//
// Note that this method does not give you hard durability guarantees like the synchronous Put provides.
// There is a small time window (typically 3 ms) in which the data may not have been committed durably yet.
func (box *TypefulBox) PutAsync(object *Typeful) (uint64, error) {
	return box.Box.PutAsync(object)
}

// PutMany inserts multiple objects in single transaction.
// In case Ids are not set on the objects, they would be assigned automatically (auto-increment).
//
// Returns: IDs of the put objects (in the same order).
// When inserting, the Typeful.Id property on the objects in the slice will be assigned the new IDs as well.
//
// Note: In case an error occurs during the transaction, some of the objects may already have the Typeful.Id assigned
// even though the transaction has been rolled back and the objects are not stored under those IDs.
//
// Note: The slice may be empty or even nil; in both cases, an empty IDs slice and no error is returned.
func (box *TypefulBox) PutMany(objects []*Typeful) ([]uint64, error) {
	return box.Box.PutMany(objects)
}

// Get reads a single object.
//
// Returns nil (and no error) in case the object with the given ID doesn't exist.
func (box *TypefulBox) Get(id uint64) (*Typeful, error) {
	object, err := box.Box.Get(id)
	if err != nil {
		return nil, err
	} else if object == nil {
		return nil, nil
	}
	return object.(*Typeful), nil
}

// GetMany reads multiple objects at once.
// If any of the objects doesn't exist, its position in the return slice is nil
func (box *TypefulBox) GetMany(ids ...uint64) ([]*Typeful, error) {
	objects, err := box.Box.GetMany(ids...)
	if err != nil {
		return nil, err
	}
	return objects.([]*Typeful), nil
}

// GetAll reads all stored objects
func (box *TypefulBox) GetAll() ([]*Typeful, error) {
	objects, err := box.Box.GetAll()
	if err != nil {
		return nil, err
	}
	return objects.([]*Typeful), nil
}

// Remove deletes a single object
func (box *TypefulBox) Remove(object *Typeful) error {
	return box.Box.Remove(object)
}

// RemoveMany deletes multiple objects at once.
// Returns the number of deleted object or error on failure.
// Note that this method will not fail if an object is not found (e.g. already removed).
// In case you need to strictly check whether all of the objects exist before removing them,
// you can execute multiple box.Contains() and box.Remove() inside a single write transaction.
func (box *TypefulBox) RemoveMany(objects ...*Typeful) (uint64, error) {
	var ids = make([]uint64, len(objects))
	for k, object := range objects {
		ids[k] = object.Id
	}
	return box.Box.RemoveIds(ids...)
}

// Creates a query with the given conditions. Use the fields of the Typeful_ struct to create conditions.
// Keep the *TypefulQuery if you intend to execute the query multiple times.
// Note: this function panics if you try to create illegal queries; e.g. use properties of an alien type.
// This is typically a programming error. Use QueryOrError instead if you want the explicit error check.
func (box *TypefulBox) Query(conditions ...objectbox.Condition) *TypefulQuery {
	return &TypefulQuery{
		box.Box.Query(conditions...),
	}
}

// Creates a query with the given conditions. Use the fields of the Typeful_ struct to create conditions.
// Keep the *TypefulQuery if you intend to execute the query multiple times.
func (box *TypefulBox) QueryOrError(conditions ...objectbox.Condition) (*TypefulQuery, error) {
	if query, err := box.Box.QueryOrError(conditions...); err != nil {
		return nil, err
	} else {
		return &TypefulQuery{query}, nil
	}
}

// Query provides a way to search stored objects
//
// For example, you can find all Typeful which Id is either 42 or 47:
// 		box.Query(Typeful_.Id.In(42, 47)).Find()
type TypefulQuery struct {
	*objectbox.Query
}

// Find returns all objects matching the query
func (query *TypefulQuery) Find() ([]*Typeful, error) {
	objects, err := query.Query.Find()
	if err != nil {
		return nil, err
	}
	return objects.([]*Typeful), nil
}

// Offset defines the index of the first object to process (how many objects to skip)
func (query *TypefulQuery) Offset(offset uint64) *TypefulQuery {
	query.Query.Offset(offset)
	return query
}

// Limit sets the number of elements to process by the query
func (query *TypefulQuery) Limit(limit uint64) *TypefulQuery {
	query.Query.Limit(limit)
	return query
}
