// Code generated by ObjectBox; DO NOT EDIT.

package object

import (
	"github.com/objectbox/objectbox-go/objectbox"
)

// ObjectBoxModel declares and builds the model from all the entities in the package.
// It is usually used when setting-up ObjectBox as an argument to the Builder.Model() function.
func ObjectBoxModel() *objectbox.Model {
	model := objectbox.NewModel()
	model.GeneratorVersion(1)

	model.RegisterBinding(ABinding)
	model.RegisterBinding(BBinding)
	model.RegisterBinding(CBinding)
	model.LastEntityId(3, 6044372234677422456)

	return model
}
