// This file was automatically generated by ObjectBox, do not modify

package object

import (
	"github.com/google/flatbuffers/go"
	"github.com/objectbox/objectbox-go/objectbox"
	"github.com/objectbox/objectbox-go/objectbox/fbutils"
)

type BBinding struct {
}

func (BBinding) AddToModel(model *objectbox.Model) {
	model.Entity("B", 2, 501233450539197794)
	model.Property("Id", objectbox.PropertyType_Long, 1, 3390393562759376202)
	model.PropertyFlags(objectbox.PropertyFlags_ID)
	model.Property("New", objectbox.PropertyType_Int, 3, 1774932891286980153)
	model.EntityLastPropertyId(3, 1774932891286980153)
}

func (BBinding) GetId(entity interface{}) (uint64, error) {
	return entity.(*B).Id, nil
}

func (BBinding) Flatten(entity interface{}, fbb *flatbuffers.Builder, id uint64) {
	ent := entity.(*B)

	// build the FlatBuffers object
	fbb.StartObject(3)
	fbb.PrependUint64Slot(0, id, 0)
	fbb.PrependInt32Slot(2, int32(ent.New), 0)
}

func (BBinding) ToObject(bytes []byte) interface{} {
	table := fbutils.GetRootAsTable(bytes, flatbuffers.UOffsetT(0))

	return &B{
		Id:  table.GetUint64Slot(4, 0),
		New: int(table.GetUint32Slot(8, 0)),
	}
}

func (BBinding) MakeSlice(capacity int) interface{} {
	return make([]*B, 0, capacity)
}

func (BBinding) AppendToSlice(slice interface{}, entity interface{}) interface{} {
	return append(slice.([]*B), entity.(*B))
}

type BBox struct {
	*objectbox.Box
}

func BoxForB(ob *objectbox.ObjectBox) *BBox {
	return &BBox{
		Box: ob.Box(2),
	}
}

func (box *BBox) Get(id uint64) (*B, error) {
	entity, err := box.Box.Get(id)
	if err != nil {
		return nil, err
	} else if entity == nil {
		return nil, nil
	}
	return entity.(*B), nil
}

func (box *BBox) GetAll() ([]*B, error) {
	entities, err := box.Box.GetAll()
	if err != nil {
		return nil, err
	}
	return entities.([]*B), nil
}

func (box *BBox) Remove(entity *B) (err error) {
	return box.Box.Remove(entity.Id)
}
