// This file was automatically generated by ObjectBox, do not modify

package object

import (
	"github.com/google/flatbuffers/go"
	"github.com/objectbox/objectbox-go/objectbox"
)

type a_EntityInfo struct {
	Id  objectbox.TypeId
	Uid uint64
}

var ABinding = a_EntityInfo{
	Id:  1,
	Uid: 8717895732742165505,
}

var A_ = struct {
	Id uint32
}{
	Id: 1,
}

func (a_EntityInfo) AddToModel(model *objectbox.Model) {
	model.Entity("A", 1, 8717895732742165505)
	model.Property("Id", objectbox.PropertyType_Long, 1, 2259404117704393152)
	model.PropertyFlags(objectbox.PropertyFlags_ID)
	model.EntityLastPropertyId(1, 2259404117704393152)
}

func (a_EntityInfo) GetId(entity interface{}) (uint64, error) {
	return entity.(*A).Id, nil
}

func (a_EntityInfo) Flatten(entity interface{}, fbb *flatbuffers.Builder, id uint64) {

	// build the FlatBuffers object
	fbb.StartObject(1)
	fbb.PrependUint64Slot(0, id, 0)
}

func (a_EntityInfo) ToObject(bytes []byte) interface{} {
	table := &flatbuffers.Table{
		Bytes: bytes,
		Pos:   flatbuffers.GetUOffsetT(bytes),
	}

	return &A{
		Id: table.GetUint64Slot(4, 0),
	}
}

func (a_EntityInfo) MakeSlice(capacity int) interface{} {
	return make([]*A, 0, capacity)
}

func (a_EntityInfo) AppendToSlice(slice interface{}, entity interface{}) interface{} {
	return append(slice.([]*A), entity.(*A))
}

type ABox struct {
	*objectbox.Box
}

func BoxForA(ob *objectbox.ObjectBox) *ABox {
	return &ABox{
		Box: ob.Box(1),
	}
}

func (box *ABox) Get(id uint64) (*A, error) {
	entity, err := box.Box.Get(id)
	if err != nil {
		return nil, err
	} else if entity == nil {
		return nil, nil
	}
	return entity.(*A), nil
}

func (box *ABox) GetAll() ([]*A, error) {
	entities, err := box.Box.GetAll()
	if err != nil {
		return nil, err
	}
	return entities.([]*A), nil
}

func (box *ABox) Remove(entity *A) (err error) {
	return box.Box.Remove(entity.Id)
}
