// This file was automatically generated by ObjectBox, do not modify

package object

import (
	"github.com/google/flatbuffers/go"
	"github.com/objectbox/objectbox-go/objectbox"
)

type b_EntityInfo struct {
	Id  objectbox.TypeId
	Uid uint64
}

var BBinding = b_EntityInfo{
	Id:  2,
	Uid: 6050128673802995827,
}

var B_ = struct {
	Id uint32
}{
	Id: 1,
}

func (b_EntityInfo) AddToModel(model *objectbox.Model) {
	model.Entity("B", 2, 6050128673802995827)
	model.Property("Id", objectbox.PropertyType_Long, 1, 501233450539197794)
	model.PropertyFlags(objectbox.PropertyFlags_ID)
	model.EntityLastPropertyId(1, 501233450539197794)
}

func (b_EntityInfo) GetId(entity interface{}) (uint64, error) {
	return entity.(*B).Id, nil
}

func (b_EntityInfo) Flatten(entity interface{}, fbb *flatbuffers.Builder, id uint64) {

	// build the FlatBuffers object
	fbb.StartObject(1)
	fbb.PrependUint64Slot(0, id, 0)
}

func (b_EntityInfo) ToObject(bytes []byte) interface{} {
	table := &flatbuffers.Table{
		Bytes: bytes,
		Pos:   flatbuffers.GetUOffsetT(bytes),
	}

	return &B{
		Id: table.GetUint64Slot(4, 0),
	}
}

func (b_EntityInfo) MakeSlice(capacity int) interface{} {
	return make([]*B, 0, capacity)
}

func (b_EntityInfo) AppendToSlice(slice interface{}, entity interface{}) interface{} {
	return append(slice.([]*B), entity.(*B))
}

type BBox struct {
	*objectbox.Box
}

func BoxForB(ob *objectbox.ObjectBox) *BBox {
	return &BBox{
		Box: ob.Box(2),
	}
}

func (box *BBox) Get(id uint64) (*B, error) {
	entity, err := box.Box.Get(id)
	if err != nil {
		return nil, err
	} else if entity == nil {
		return nil, nil
	}
	return entity.(*B), nil
}

func (box *BBox) GetAll() ([]*B, error) {
	entities, err := box.Box.GetAll()
	if err != nil {
		return nil, err
	}
	return entities.([]*B), nil
}

func (box *BBox) Remove(entity *B) (err error) {
	return box.Box.Remove(entity.Id)
}
