// Code generated by ObjectBox; DO NOT EDIT.

package object

import (
	"github.com/google/flatbuffers/go"
	"github.com/objectbox/objectbox-go/objectbox"
)

type b_EntityInfo struct {
	Id  objectbox.TypeId
	Uid uint64
}

var BBinding = b_EntityInfo{
	Id:  2,
	Uid: 6050128673802995827,
}

var B_ = struct {
	Id *objectbox.PropertyUint64
}{
	Id: &objectbox.PropertyUint64{
		Property: &objectbox.Property{
			Id: 1,
		},
	},
}

func (b_EntityInfo) AddToModel(model *objectbox.Model) {
	model.Entity("B", 2, 6050128673802995827)
	model.Property("Id", objectbox.PropertyType_Long, 1, 501233450539197794)
	model.PropertyFlags(objectbox.PropertyFlags_ID)
	model.EntityLastPropertyId(1, 501233450539197794)
}

func (b_EntityInfo) GetId(object interface{}) (uint64, error) {
	return object.(*B).Id, nil
}

func (b_EntityInfo) SetId(object interface{}, id uint64) error {
	object.(*B).Id = id
	return nil
}

func (b_EntityInfo) Flatten(object interface{}, fbb *flatbuffers.Builder, id uint64) {

	// build the FlatBuffers object
	fbb.StartObject(1)
	fbutils.SetUint64Slot(fbb, 0, id)
}

func (b_EntityInfo) ToObject(bytes []byte) interface{} {
	table := &flatbuffers.Table{
		Bytes: bytes,
		Pos:   flatbuffers.GetUOffsetT(bytes),
	}

	return &B{
		Id: table.GetUint64Slot(4, 0),
	}
}

func (b_EntityInfo) MakeSlice(capacity int) interface{} {
	return make([]*B, 0, capacity)
}

func (b_EntityInfo) AppendToSlice(slice interface{}, object interface{}) interface{} {
	return append(slice.([]*B), object.(*B))
}

type BBox struct {
	*objectbox.Box
}

func BoxForB(ob *objectbox.ObjectBox) *BBox {
	return &BBox{
		Box: objectbox.NewBox(ob, 2),
	}
}

func (box *BBox) Put(object *B) (uint64, error) {
	return box.Box.Put(object)
}

func (box *BBox) PutAsync(object *B) (uint64, error) {
	return box.Box.PutAsync(object)
}

func (box *BBox) PutAll(objects []*B) ([]uint64, error) {
	return box.Box.PutAll(objects)
}

func (box *BBox) Get(id uint64) (*B, error) {
	object, err := box.Box.Get(id)
	if err != nil {
		return nil, err
	} else if object == nil {
		return nil, nil
	}
	return object.(*B), nil
}

func (box *BBox) GetAll() ([]*B, error) {
	objects, err := box.Box.GetAll()
	if err != nil {
		return nil, err
	}
	return objects.([]*B), nil
}

func (box *BBox) Remove(object *B) (err error) {
	return box.Box.Remove(object.Id)
}

func (box *BBox) Query(conditions ...objectbox.Condition) *BQuery {
	return &BQuery{
		box.Box.Query(conditions...),
	}
}

type BQuery struct {
	*objectbox.Query
}

func (query *BQuery) Find() ([]*B, error) {
	objects, err := query.Query.Find()
	if err != nil {
		return nil, err
	}
	return objects.([]*B), nil
}
