// This file was automatically generated by ObjectBox, do not modify

package object

import (
	"github.com/google/flatbuffers/go"
	"github.com/objectbox/objectbox-go/objectbox"
)

type c_EntityInfo struct {
	Id  objectbox.TypeId
	Uid uint64
}

var CBinding = c_EntityInfo{
	Id:  3,
	Uid: 3390393562759376202,
}

var C_ = struct {
	Id         uint32
	identifier uint32
}{
	Id:         1,
	identifier: 2,
}

func (c_EntityInfo) AddToModel(model *objectbox.Model) {
	model.Entity("C", 3, 3390393562759376202)
	model.Property("Id", objectbox.PropertyType_Long, 1, 2669985732393126063)
	model.Property("identifier", objectbox.PropertyType_Long, 2, 1774932891286980153)
	model.PropertyFlags(objectbox.PropertyFlags_ID)
	model.EntityLastPropertyId(2, 1774932891286980153)
}

func (c_EntityInfo) GetId(entity interface{}) (uint64, error) {
	return entity.(*C).identifier, nil
}

func (c_EntityInfo) Flatten(entity interface{}, fbb *flatbuffers.Builder, id uint64) {
	ent := entity.(*C)

	// build the FlatBuffers object
	fbb.StartObject(2)
	fbb.PrependUint64Slot(0, ent.Id, 0)
	fbb.PrependUint64Slot(1, id, 0)
}

func (c_EntityInfo) ToObject(bytes []byte) interface{} {
	table := &flatbuffers.Table{
		Bytes: bytes,
		Pos:   flatbuffers.GetUOffsetT(bytes),
	}

	return &C{
		Id:         table.GetUint64Slot(4, 0),
		identifier: table.GetUint64Slot(6, 0),
	}
}

func (c_EntityInfo) MakeSlice(capacity int) interface{} {
	return make([]*C, 0, capacity)
}

func (c_EntityInfo) AppendToSlice(slice interface{}, entity interface{}) interface{} {
	return append(slice.([]*C), entity.(*C))
}

type CBox struct {
	*objectbox.Box
}

func BoxForC(ob *objectbox.ObjectBox) *CBox {
	return &CBox{
		Box: ob.Box(3),
	}
}

func (box *CBox) Get(id uint64) (*C, error) {
	entity, err := box.Box.Get(id)
	if err != nil {
		return nil, err
	} else if entity == nil {
		return nil, nil
	}
	return entity.(*C), nil
}

func (box *CBox) GetAll() ([]*C, error) {
	entities, err := box.Box.GetAll()
	if err != nil {
		return nil, err
	}
	return entities.([]*C), nil
}

func (box *CBox) Remove(entity *C) (err error) {
	return box.Box.Remove(entity.identifier)
}
