// This file was automatically generated by ObjectBox, do not modify

package object

import (
	"github.com/objectbox/objectbox-go/objectbox"
)

func ObjectBoxModel() (*objectbox.Model, error) {
	model, err := objectbox.NewModel()
	if err != nil {
		return nil, err
	}

	model.RegisterBinding(ABinding)
	model.RegisterBinding(BBinding)
	model.RegisterBinding(CBinding)
	model.LastEntityId(3, 3390393562759376202)

	return model, nil
}
