// Code generated by ObjectBox; DO NOT EDIT.

package object

import (
	"github.com/google/flatbuffers/go"
	"github.com/objectbox/objectbox-go/objectbox"
	"github.com/objectbox/objectbox-go/objectbox/fbutils"
)

type stringIdEntity_EntityInfo struct {
	Id  objectbox.TypeId
	Uid uint64
}

var StringIdEntityBinding = stringIdEntity_EntityInfo{
	Id:  4,
	Uid: 6044372234677422456,
}

// StringIdEntity_ contains type-based Property helpers to facilitate some common operations such as Queries.
var StringIdEntity_ = struct {
	Id *objectbox.PropertyUint64
}{
	Id: &objectbox.PropertyUint64{
		BaseProperty: &objectbox.BaseProperty{
			Id: 1,
			Entity: &objectbox.Entity{
				Id: 4,
			},
		},
	},
}

// GeneratorVersion is called by ObjectBox to verify the compatibility of the generator used to generate this code
func (stringIdEntity_EntityInfo) GeneratorVersion() int {
	return 1
}

// AddToModel is called by ObjectBox during model build
func (stringIdEntity_EntityInfo) AddToModel(model *objectbox.Model) {
	model.Entity("StringIdEntity", 4, 6044372234677422456)
	model.Property("Id", objectbox.PropertyType_Long, 1, 8274930044578894929)
	model.PropertyFlags(objectbox.PropertyFlags_ID)
	model.EntityLastPropertyId(1, 8274930044578894929)
}

// GetId is called by ObjectBox during Put operations to check for existing ID on an object
func (stringIdEntity_EntityInfo) GetId(object interface{}) (uint64, error) {
	return objectbox.StringIdConvertToDatabaseValue(object.(*StringIdEntity).Id), nil
}

// SetId is called by ObjectBox during Put to update an ID on an object that has just been inserted
func (stringIdEntity_EntityInfo) SetId(object interface{}, id uint64) {
	object.(*StringIdEntity).Id = objectbox.StringIdConvertToEntityProperty(id)
}

// PutRelated is called by ObjectBox to put related entities before the object itself is flattened and put
func (stringIdEntity_EntityInfo) PutRelated(txn *objectbox.Transaction, object interface{}, id uint64) error {
	return nil
}

// Flatten is called by ObjectBox to transform an object to a FlatBuffer
func (stringIdEntity_EntityInfo) Flatten(object interface{}, fbb *flatbuffers.Builder, id uint64) {

	// build the FlatBuffers object
	fbb.StartObject(1)
	fbutils.SetUint64Slot(fbb, 0, id)
}

// Load is called by ObjectBox to load an object from a FlatBuffer
func (stringIdEntity_EntityInfo) Load(txn *objectbox.Transaction, bytes []byte) interface{} {
	var table = &flatbuffers.Table{
		Bytes: bytes,
		Pos:   flatbuffers.GetUOffsetT(bytes),
	}
	var id = objectbox.StringIdConvertToEntityProperty(table.GetUint64Slot(4, 0))

	return &StringIdEntity{
		Id: id,
	}
}

// MakeSlice is called by ObjectBox to construct a new slice to hold the read objects
func (stringIdEntity_EntityInfo) MakeSlice(capacity int) interface{} {
	return make([]*StringIdEntity, 0, capacity)
}

// AppendToSlice is called by ObjectBox to fill the slice of the read objects
func (stringIdEntity_EntityInfo) AppendToSlice(slice interface{}, object interface{}) interface{} {
	return append(slice.([]*StringIdEntity), object.(*StringIdEntity))
}

// Box provides CRUD access to StringIdEntity objects
type StringIdEntityBox struct {
	*objectbox.Box
}

// BoxForStringIdEntity opens a box of StringIdEntity objects
func BoxForStringIdEntity(ob *objectbox.ObjectBox) *StringIdEntityBox {
	return &StringIdEntityBox{
		Box: ob.InternalBox(4),
	}
}

// Put synchronously inserts/updates a single object.
// In case the Id is not specified, it would be assigned automatically (auto-increment).
// When inserting, the StringIdEntity.Id property on the passed object will be assigned the new ID as well.
func (box *StringIdEntityBox) Put(object *StringIdEntity) (uint64, error) {
	return box.Box.Put(object)
}

// PutAsync asynchronously inserts/updates a single object.
// When inserting, the StringIdEntity.Id property on the passed object will be assigned the new ID as well.
//
// It's executed on a separate internal thread for better performance.
//
// There are two main use cases:
//
// 1) "Put & Forget:" you gain faster puts as you don't have to wait for the transaction to finish.
//
// 2) Many small transactions: if your write load is typically a lot of individual puts that happen in parallel,
// this will merge small transactions into bigger ones. This results in a significant gain in overall throughput.
//
//
// In situations with (extremely) high async load, this method may be throttled (~1ms) or delayed (<1s).
// In the unlikely event that the object could not be enqueued after delaying, an error will be returned.
//
// Note that this method does not give you hard durability guarantees like the synchronous Put provides.
// There is a small time window (typically 3 ms) in which the data may not have been committed durably yet.
func (box *StringIdEntityBox) PutAsync(object *StringIdEntity) (uint64, error) {
	return box.Box.PutAsync(object)
}

// PutAll inserts multiple objects in single transaction.
// In case Ids are not set on the objects, they would be assigned automatically (auto-increment).
//
// Returns: IDs of the put objects (in the same order).
// When inserting, the StringIdEntity.Id property on the objects in the slice will be assigned the new IDs as well.
//
// Note: In case an error occurs during the transaction, some of the objects may already have the StringIdEntity.Id assigned
// even though the transaction has been rolled back and the objects are not stored under those IDs.
//
// Note: The slice may be empty or even nil; in both cases, an empty IDs slice and no error is returned.
func (box *StringIdEntityBox) PutAll(objects []*StringIdEntity) ([]uint64, error) {
	return box.Box.PutAll(objects)
}

// Get reads a single object.
//
// Returns nil (and no error) in case the object with the given ID doesn't exist.
func (box *StringIdEntityBox) Get(id uint64) (*StringIdEntity, error) {
	object, err := box.Box.Get(id)
	if err != nil {
		return nil, err
	} else if object == nil {
		return nil, nil
	}
	return object.(*StringIdEntity), nil
}

// Get reads all stored objects
func (box *StringIdEntityBox) GetAll() ([]*StringIdEntity, error) {
	objects, err := box.Box.GetAll()
	if err != nil {
		return nil, err
	}
	return objects.([]*StringIdEntity), nil
}

// Remove deletes a single object
func (box *StringIdEntityBox) Remove(object *StringIdEntity) (err error) {
	return box.Box.Remove(objectbox.StringIdConvertToDatabaseValue(object.Id))
}

// Creates a query with the given conditions. Use the fields of the StringIdEntity_ struct to create conditions.
// Keep the *StringIdEntityQuery if you intend to execute the query multiple times.
// Note: this function panics if you try to create illegal queries; e.g. use properties of an alien type.
// This is typically a programming error. Use QueryOrError instead if you want the explicit error check.
func (box *StringIdEntityBox) Query(conditions ...objectbox.Condition) *StringIdEntityQuery {
	return &StringIdEntityQuery{
		box.Box.Query(conditions...),
	}
}

// Creates a query with the given conditions. Use the fields of the StringIdEntity_ struct to create conditions.
// Keep the *StringIdEntityQuery if you intend to execute the query multiple times.
func (box *StringIdEntityBox) QueryOrError(conditions ...objectbox.Condition) (*StringIdEntityQuery, error) {
	if query, err := box.Box.QueryOrError(conditions...); err != nil {
		return nil, err
	} else {
		return &StringIdEntityQuery{query}, nil
	}
}

// Query provides a way to search stored objects
//
// For example, you can find all StringIdEntity which Id is either 42 or 47:
// 		box.Query(StringIdEntity_.Id.In(42, 47)).Find()
type StringIdEntityQuery struct {
	*objectbox.Query
}

// Find returns all objects matching the query
func (query *StringIdEntityQuery) Find() ([]*StringIdEntity, error) {
	objects, err := query.Query.Find()
	if err != nil {
		return nil, err
	}
	return objects.([]*StringIdEntity), nil
}

// Offset defines the index of the first object to process (how many objects to skip)
func (query *StringIdEntityQuery) Offset(offset uint64) *StringIdEntityQuery {
	query.Query.Offset(offset)
	return query
}

// Limit sets the number of elements to process by the query
func (query *StringIdEntityQuery) Limit(limit uint64) *StringIdEntityQuery {
	query.Query.Limit(limit)
	return query
}
