// Code generated by ObjectBox; DO NOT EDIT.
// Learn more about defining entities and generating this file - visit https://golang.objectbox.io/entity-annotations

package object

import (
	"github.com/google/flatbuffers/go"
	"github.com/objectbox/objectbox-go/objectbox"
	"github.com/objectbox/objectbox-go/objectbox/fbutils"
)

type a_EntityInfo struct {
	objectbox.Entity
	Uid uint64
}

var ABinding = a_EntityInfo{
	Entity: objectbox.Entity{
		Id: 1,
	},
	Uid: 8717895732742165505,
}

// A_ contains type-based Property helpers to facilitate some common operations such as Queries.
var A_ = struct {
	Id   *objectbox.PropertyUint64
	Name *objectbox.PropertyString
}{
	Id: &objectbox.PropertyUint64{
		BaseProperty: &objectbox.BaseProperty{
			Id:     1,
			Entity: &ABinding.Entity,
		},
	},
	Name: &objectbox.PropertyString{
		BaseProperty: &objectbox.BaseProperty{
			Id:     2,
			Entity: &ABinding.Entity,
		},
	},
}

// GeneratorVersion is called by ObjectBox to verify the compatibility of the generator used to generate this code
func (a_EntityInfo) GeneratorVersion() int {
	return 2
}

// AddToModel is called by ObjectBox during model build
func (a_EntityInfo) AddToModel(model *objectbox.Model) {
	model.Entity("A", 1, 8717895732742165505)
	model.Property("Id", 6, 1, 2259404117704393152)
	model.PropertyFlags(8193)
	model.Property("Name", 9, 2, 6050128673802995827)
	model.EntityLastPropertyId(2, 6050128673802995827)
}

// GetId is called by ObjectBox during Put operations to check for existing ID on an object
func (a_EntityInfo) GetId(object interface{}) (uint64, error) {
	return object.(*A).Id.Id, nil
}

// SetId is called by ObjectBox during Put to update an ID on an object that has just been inserted
func (a_EntityInfo) SetId(object interface{}, id uint64) {
	object.(*A).Id.Id = id
}

// PutRelated is called by ObjectBox to put related entities before the object itself is flattened and put
func (a_EntityInfo) PutRelated(ob *objectbox.ObjectBox, object interface{}, id uint64) error {
	return nil
}

// Flatten is called by ObjectBox to transform an object to a FlatBuffer
func (a_EntityInfo) Flatten(object interface{}, fbb *flatbuffers.Builder, id uint64) error {
	obj := object.(*A)
	var offsetName = fbutils.CreateStringOffset(fbb, obj.Name)

	// build the FlatBuffers object
	fbb.StartObject(2)
	fbutils.SetUint64Slot(fbb, 0, id)
	fbutils.SetUOffsetTSlot(fbb, 1, offsetName)
	return nil
}

// Load is called by ObjectBox to load an object from a FlatBuffer
func (a_EntityInfo) Load(ob *objectbox.ObjectBox, bytes []byte) (interface{}, error) {
	var table = &flatbuffers.Table{
		Bytes: bytes,
		Pos:   flatbuffers.GetUOffsetT(bytes),
	}
	var id = table.GetUint64Slot(4, 0)

	return &A{
		Id: Id{
			Id: id,
		},
		Name: fbutils.GetStringSlot(table, 6),
	}, nil
}

// MakeSlice is called by ObjectBox to construct a new slice to hold the read objects
func (a_EntityInfo) MakeSlice(capacity int) interface{} {
	return make([]*A, 0, capacity)
}

// AppendToSlice is called by ObjectBox to fill the slice of the read objects
func (a_EntityInfo) AppendToSlice(slice interface{}, object interface{}) interface{} {
	return append(slice.([]*A), object.(*A))
}

// Box provides CRUD access to A objects
type ABox struct {
	*objectbox.Box
}

// BoxForA opens a box of A objects
func BoxForA(ob *objectbox.ObjectBox) *ABox {
	return &ABox{
		Box: ob.InternalBox(1),
	}
}

// Put synchronously inserts/updates a single object.
// In case the Id.Id is not specified, it would be assigned automatically (auto-increment).
// When inserting, the A.Id.Id property on the passed object will be assigned the new ID as well.
func (box *ABox) Put(object *A) (uint64, error) {
	return box.Box.Put(object)
}

// PutAsync asynchronously inserts/updates a single object.
// When inserting, the A.Id.Id property on the passed object will be assigned the new ID as well.
//
// It's executed on a separate internal thread for better performance.
//
// There are two main use cases:
//
// 1) "Put & Forget:" you gain faster puts as you don't have to wait for the transaction to finish.
//
// 2) Many small transactions: if your write load is typically a lot of individual puts that happen in parallel,
// this will merge small transactions into bigger ones. This results in a significant gain in overall throughput.
//
//
// In situations with (extremely) high async load, this method may be throttled (~1ms) or delayed (<1s).
// In the unlikely event that the object could not be enqueued after delaying, an error will be returned.
//
// Note that this method does not give you hard durability guarantees like the synchronous Put provides.
// There is a small time window (typically 3 ms) in which the data may not have been committed durably yet.
func (box *ABox) PutAsync(object *A) (uint64, error) {
	return box.Box.PutAsync(object)
}

// PutMany inserts multiple objects in single transaction.
// In case Id.Ids are not set on the objects, they would be assigned automatically (auto-increment).
//
// Returns: IDs of the put objects (in the same order).
// When inserting, the A.Id.Id property on the objects in the slice will be assigned the new IDs as well.
//
// Note: In case an error occurs during the transaction, some of the objects may already have the A.Id.Id assigned
// even though the transaction has been rolled back and the objects are not stored under those IDs.
//
// Note: The slice may be empty or even nil; in both cases, an empty IDs slice and no error is returned.
func (box *ABox) PutMany(objects []*A) ([]uint64, error) {
	return box.Box.PutMany(objects)
}

// Get reads a single object.
//
// Returns nil (and no error) in case the object with the given ID doesn't exist.
func (box *ABox) Get(id uint64) (*A, error) {
	object, err := box.Box.Get(id)
	if err != nil {
		return nil, err
	} else if object == nil {
		return nil, nil
	}
	return object.(*A), nil
}

// GetMany reads multiple objects at once.
// If any of the objects doesn't exist, its position in the return slice is nil
func (box *ABox) GetMany(ids ...uint64) ([]*A, error) {
	objects, err := box.Box.GetMany(ids...)
	if err != nil {
		return nil, err
	}
	return objects.([]*A), nil
}

// GetAll reads all stored objects
func (box *ABox) GetAll() ([]*A, error) {
	objects, err := box.Box.GetAll()
	if err != nil {
		return nil, err
	}
	return objects.([]*A), nil
}

// Remove deletes a single object
func (box *ABox) Remove(object *A) (err error) {
	return box.Box.Remove(object.Id.Id)
}

// Creates a query with the given conditions. Use the fields of the A_ struct to create conditions.
// Keep the *AQuery if you intend to execute the query multiple times.
// Note: this function panics if you try to create illegal queries; e.g. use properties of an alien type.
// This is typically a programming error. Use QueryOrError instead if you want the explicit error check.
func (box *ABox) Query(conditions ...objectbox.Condition) *AQuery {
	return &AQuery{
		box.Box.Query(conditions...),
	}
}

// Creates a query with the given conditions. Use the fields of the A_ struct to create conditions.
// Keep the *AQuery if you intend to execute the query multiple times.
func (box *ABox) QueryOrError(conditions ...objectbox.Condition) (*AQuery, error) {
	if query, err := box.Box.QueryOrError(conditions...); err != nil {
		return nil, err
	} else {
		return &AQuery{query}, nil
	}
}

// Query provides a way to search stored objects
//
// For example, you can find all A which Id is either 42 or 47:
// 		box.Query(A_.Id.In(42, 47)).Find()
type AQuery struct {
	*objectbox.Query
}

// Find returns all objects matching the query
func (query *AQuery) Find() ([]*A, error) {
	objects, err := query.Query.Find()
	if err != nil {
		return nil, err
	}
	return objects.([]*A), nil
}

// Offset defines the index of the first object to process (how many objects to skip)
func (query *AQuery) Offset(offset uint64) *AQuery {
	query.Query.Offset(offset)
	return query
}

// Limit sets the number of elements to process by the query
func (query *AQuery) Limit(limit uint64) *AQuery {
	query.Query.Limit(limit)
	return query
}
