// Code generated by ObjectBox; DO NOT EDIT.

package object

import (
	"github.com/google/flatbuffers/go"
	"github.com/objectbox/objectbox-go/objectbox"
	"github.com/objectbox/objectbox-go/objectbox/fbutils"
)

type d_EntityInfo struct {
	objectbox.Entity
	Uid uint64
}

var DBinding = d_EntityInfo{
	Entity: objectbox.Entity{
		Id: 4,
	},
	Uid: 2518412263346885298,
}

// D_ contains type-based Property helpers to facilitate some common operations such as Queries.
var D_ = struct {
	Id    *objectbox.PropertyUint64
	Value *objectbox.PropertyFloat64
}{
	Id: &objectbox.PropertyUint64{
		BaseProperty: &objectbox.BaseProperty{
			Id:     1,
			Entity: &DBinding.Entity,
		},
	},
	Value: &objectbox.PropertyFloat64{
		BaseProperty: &objectbox.BaseProperty{
			Id:     2,
			Entity: &DBinding.Entity,
		},
	},
}

// GeneratorVersion is called by ObjectBox to verify the compatibility of the generator used to generate this code
func (d_EntityInfo) GeneratorVersion() int {
	return 1
}

// AddToModel is called by ObjectBox during model build
func (d_EntityInfo) AddToModel(model *objectbox.Model) {
	model.Entity("D", 4, 2518412263346885298)
	model.Property("Id", objectbox.PropertyType_Long, 1, 5617773211005988520)
	model.PropertyFlags(objectbox.PropertyFlags_ID)
	model.Property("Value", objectbox.PropertyType_Double, 2, 2339563716805116249)
	model.EntityLastPropertyId(2, 2339563716805116249)
}

// GetId is called by ObjectBox during Put operations to check for existing ID on an object
func (d_EntityInfo) GetId(object interface{}) (uint64, error) {
	return object.(*D).IdAndFloat64Value.Id, nil
}

// SetId is called by ObjectBox during Put to update an ID on an object that has just been inserted
func (d_EntityInfo) SetId(object interface{}, id uint64) {
	object.(*D).IdAndFloat64Value.Id = id
}

// PutRelated is called by ObjectBox to put related entities before the object itself is flattened and put
func (d_EntityInfo) PutRelated(txn *objectbox.Transaction, object interface{}, id uint64) error {
	return nil
}

// Flatten is called by ObjectBox to transform an object to a FlatBuffer
func (d_EntityInfo) Flatten(object interface{}, fbb *flatbuffers.Builder, id uint64) error {
	obj := object.(*D)

	// build the FlatBuffers object
	fbb.StartObject(2)
	fbutils.SetUint64Slot(fbb, 0, id)
	fbutils.SetFloat64Slot(fbb, 1, obj.Value)
	return nil
}

// Load is called by ObjectBox to load an object from a FlatBuffer
func (d_EntityInfo) Load(txn *objectbox.Transaction, bytes []byte) (interface{}, error) {
	var table = &flatbuffers.Table{
		Bytes: bytes,
		Pos:   flatbuffers.GetUOffsetT(bytes),
	}
	var id = table.GetUint64Slot(4, 0)

	return &D{
		IdAndFloat64Value: &IdAndFloat64Value{
			Id:    id,
			Value: table.GetFloat64Slot(6, 0),
		},
	}, nil
}

// MakeSlice is called by ObjectBox to construct a new slice to hold the read objects
func (d_EntityInfo) MakeSlice(capacity int) interface{} {
	return make([]*D, 0, capacity)
}

// AppendToSlice is called by ObjectBox to fill the slice of the read objects
func (d_EntityInfo) AppendToSlice(slice interface{}, object interface{}) interface{} {
	return append(slice.([]*D), object.(*D))
}

// Box provides CRUD access to D objects
type DBox struct {
	*objectbox.Box
}

// BoxForD opens a box of D objects
func BoxForD(ob *objectbox.ObjectBox) *DBox {
	return &DBox{
		Box: ob.InternalBox(4),
	}
}

// Put synchronously inserts/updates a single object.
// In case the IdAndFloat64Value.Id is not specified, it would be assigned automatically (auto-increment).
// When inserting, the D.IdAndFloat64Value.Id property on the passed object will be assigned the new ID as well.
func (box *DBox) Put(object *D) (uint64, error) {
	return box.Box.Put(object)
}

// PutAsync asynchronously inserts/updates a single object.
// When inserting, the D.IdAndFloat64Value.Id property on the passed object will be assigned the new ID as well.
//
// It's executed on a separate internal thread for better performance.
//
// There are two main use cases:
//
// 1) "Put & Forget:" you gain faster puts as you don't have to wait for the transaction to finish.
//
// 2) Many small transactions: if your write load is typically a lot of individual puts that happen in parallel,
// this will merge small transactions into bigger ones. This results in a significant gain in overall throughput.
//
//
// In situations with (extremely) high async load, this method may be throttled (~1ms) or delayed (<1s).
// In the unlikely event that the object could not be enqueued after delaying, an error will be returned.
//
// Note that this method does not give you hard durability guarantees like the synchronous Put provides.
// There is a small time window (typically 3 ms) in which the data may not have been committed durably yet.
func (box *DBox) PutAsync(object *D) (uint64, error) {
	return box.Box.PutAsync(object)
}

// PutAll inserts multiple objects in single transaction.
// In case IdAndFloat64Value.Ids are not set on the objects, they would be assigned automatically (auto-increment).
//
// Returns: IDs of the put objects (in the same order).
// When inserting, the D.IdAndFloat64Value.Id property on the objects in the slice will be assigned the new IDs as well.
//
// Note: In case an error occurs during the transaction, some of the objects may already have the D.IdAndFloat64Value.Id assigned
// even though the transaction has been rolled back and the objects are not stored under those IDs.
//
// Note: The slice may be empty or even nil; in both cases, an empty IDs slice and no error is returned.
func (box *DBox) PutAll(objects []*D) ([]uint64, error) {
	return box.Box.PutAll(objects)
}

// Get reads a single object.
//
// Returns nil (and no error) in case the object with the given ID doesn't exist.
func (box *DBox) Get(id uint64) (*D, error) {
	object, err := box.Box.Get(id)
	if err != nil {
		return nil, err
	} else if object == nil {
		return nil, nil
	}
	return object.(*D), nil
}

// Get reads all stored objects
func (box *DBox) GetAll() ([]*D, error) {
	objects, err := box.Box.GetAll()
	if err != nil {
		return nil, err
	}
	return objects.([]*D), nil
}

// Remove deletes a single object
func (box *DBox) Remove(object *D) (err error) {
	return box.Box.Remove(object.IdAndFloat64Value.Id)
}

// Creates a query with the given conditions. Use the fields of the D_ struct to create conditions.
// Keep the *DQuery if you intend to execute the query multiple times.
// Note: this function panics if you try to create illegal queries; e.g. use properties of an alien type.
// This is typically a programming error. Use QueryOrError instead if you want the explicit error check.
func (box *DBox) Query(conditions ...objectbox.Condition) *DQuery {
	return &DQuery{
		box.Box.Query(conditions...),
	}
}

// Creates a query with the given conditions. Use the fields of the D_ struct to create conditions.
// Keep the *DQuery if you intend to execute the query multiple times.
func (box *DBox) QueryOrError(conditions ...objectbox.Condition) (*DQuery, error) {
	if query, err := box.Box.QueryOrError(conditions...); err != nil {
		return nil, err
	} else {
		return &DQuery{query}, nil
	}
}

// Query provides a way to search stored objects
//
// For example, you can find all D which Id is either 42 or 47:
// 		box.Query(D_.Id.In(42, 47)).Find()
type DQuery struct {
	*objectbox.Query
}

// Find returns all objects matching the query
func (query *DQuery) Find() ([]*D, error) {
	objects, err := query.Query.Find()
	if err != nil {
		return nil, err
	}
	return objects.([]*D), nil
}

// Offset defines the index of the first object to process (how many objects to skip)
func (query *DQuery) Offset(offset uint64) *DQuery {
	query.Query.Offset(offset)
	return query
}

// Limit sets the number of elements to process by the query
func (query *DQuery) Limit(limit uint64) *DQuery {
	query.Query.Limit(limit)
	return query
}
