// Code generated by ObjectBox; DO NOT EDIT.

package object

import (
	"github.com/objectbox/objectbox-go/objectbox"
)

// ObjectBoxModel declares and builds the model from all the entities in the package.
// It is usually used when setting-up ObjectBox as an argument to the Builder.Model() function.
func ObjectBoxModel() *objectbox.Model {
	model := objectbox.NewModel()
	model.GeneratorVersion(3)

	model.RegisterBinding(ABinding)
	model.RegisterBinding(BBinding)
	model.RegisterBinding(CBinding)
	model.RegisterBinding(DBinding)
	model.RegisterBinding(EBinding)
	model.RegisterBinding(FBinding)
	model.LastEntityId(6, 3930927879439176946)
	model.LastIndexId(3, 2914295034816259174)

	return model
}
